// Jest Snapshot v1, https://goo.gl/fbAQLP

exports[`Flash renders a initial view 1`] = `"<div>Test test</div>"`;
