// Jest Snapshot v1, https://goo.gl/fbAQLP

exports[`Swing renders a initial view 1`] = `"<div>Test test</div>"`;
